--- Test Start: Sat Sep 13 02:05:24 UTC 2025 ---
Cleaning up previous run...
Cleanup complete.
Installing dependencies...

[notice] A new release of pip is available: 25.1.1 -> 25.2
[notice] To update, run: pip install --upgrade pip

[notice] A new release of pip is available: 25.1.1 -> 25.2
[notice] To update, run: pip install --upgrade pip
Dependencies installed.
Running data preparation script (prepare_data.py)...
/app/prepare_data.py:43: FutureWarning: YF.download() has changed argument auto_adjust default to True
  df = yf.download(ticker, start=start_date, end=end_date, interval="1wk")
[*********************100%***********************]  1 of 1 completed
/app/prepare_data.py:43: FutureWarning: YF.download() has changed argument auto_adjust default to True
  df = yf.download(ticker, start=start_date, end=end_date, interval="1wk")
[*********************100%***********************]  1 of 1 completed
/app/prepare_data.py:43: FutureWarning: YF.download() has changed argument auto_adjust default to True
  df = yf.download(ticker, start=start_date, end=end_date, interval="1wk")
[*********************100%***********************]  1 of 1 completed
/app/prepare_data.py:43: FutureWarning: YF.download() has changed argument auto_adjust default to True
  df = yf.download(ticker, start=start_date, end=end_date, interval="1wk")
[*********************100%***********************]  1 of 1 completed
/app/prepare_data.py:43: FutureWarning: YF.download() has changed argument auto_adjust default to True
  df = yf.download(ticker, start=start_date, end=end_date, interval="1wk")
[*********************100%***********************]  1 of 1 completed
/app/prepare_data.py:43: FutureWarning: YF.download() has changed argument auto_adjust default to True
  df = yf.download(ticker, start=start_date, end=end_date, interval="1wk")
[*********************100%***********************]  1 of 1 completed
/app/prepare_data.py:43: FutureWarning: YF.download() has changed argument auto_adjust default to True
  df = yf.download(ticker, start=start_date, end=end_date, interval="1wk")
[*********************100%***********************]  1 of 1 completed
/app/prepare_data.py:43: FutureWarning: YF.download() has changed argument auto_adjust default to True
  df = yf.download(ticker, start=start_date, end=end_date, interval="1wk")
[*********************100%***********************]  1 of 1 completed
/app/prepare_data.py:43: FutureWarning: YF.download() has changed argument auto_adjust default to True
  df = yf.download(ticker, start=start_date, end=end_date, interval="1wk")
[*********************100%***********************]  1 of 1 completed
/app/prepare_data.py:43: FutureWarning: YF.download() has changed argument auto_adjust default to True
  df = yf.download(ticker, start=start_date, end=end_date, interval="1wk")
[*********************100%***********************]  1 of 1 completed
/app/prepare_data.py:43: FutureWarning: YF.download() has changed argument auto_adjust default to True
  df = yf.download(ticker, start=start_date, end=end_date, interval="1wk")
[*********************100%***********************]  1 of 1 completed
/app/prepare_data.py:43: FutureWarning: YF.download() has changed argument auto_adjust default to True
  df = yf.download(ticker, start=start_date, end=end_date, interval="1wk")
[*********************100%***********************]  1 of 1 completed
/app/prepare_data.py:43: FutureWarning: YF.download() has changed argument auto_adjust default to True
  df = yf.download(ticker, start=start_date, end=end_date, interval="1wk")
[*********************100%***********************]  1 of 1 completed
/app/prepare_data.py:43: FutureWarning: YF.download() has changed argument auto_adjust default to True
  df = yf.download(ticker, start=start_date, end=end_date, interval="1wk")
[*********************100%***********************]  1 of 1 completed
/app/prepare_data.py:43: FutureWarning: YF.download() has changed argument auto_adjust default to True
  df = yf.download(ticker, start=start_date, end=end_date, interval="1wk")
[*********************100%***********************]  1 of 1 completed
/app/prepare_data.py:43: FutureWarning: YF.download() has changed argument auto_adjust default to True
  df = yf.download(ticker, start=start_date, end=end_date, interval="1wk")
[*********************100%***********************]  1 of 1 completed
/app/prepare_data.py:43: FutureWarning: YF.download() has changed argument auto_adjust default to True
  df = yf.download(ticker, start=start_date, end=end_date, interval="1wk")
[*********************100%***********************]  1 of 1 completed
/app/prepare_data.py:43: FutureWarning: YF.download() has changed argument auto_adjust default to True
  df = yf.download(ticker, start=start_date, end=end_date, interval="1wk")
[*********************100%***********************]  1 of 1 completed
/app/prepare_data.py:43: FutureWarning: YF.download() has changed argument auto_adjust default to True
  df = yf.download(ticker, start=start_date, end=end_date, interval="1wk")
[*********************100%***********************]  1 of 1 completed
/app/prepare_data.py:43: FutureWarning: YF.download() has changed argument auto_adjust default to True
  df = yf.download(ticker, start=start_date, end=end_date, interval="1wk")
[*********************100%***********************]  1 of 1 completed
/app/prepare_data.py:43: FutureWarning: YF.download() has changed argument auto_adjust default to True
  df = yf.download(ticker, start=start_date, end=end_date, interval="1wk")
[*********************100%***********************]  1 of 1 completed
/app/prepare_data.py:43: FutureWarning: YF.download() has changed argument auto_adjust default to True
  df = yf.download(ticker, start=start_date, end=end_date, interval="1wk")
[*********************100%***********************]  1 of 1 completed
/app/prepare_data.py:43: FutureWarning: YF.download() has changed argument auto_adjust default to True
  df = yf.download(ticker, start=start_date, end=end_date, interval="1wk")
[*********************100%***********************]  1 of 1 completed
/app/prepare_data.py:43: FutureWarning: YF.download() has changed argument auto_adjust default to True
  df = yf.download(ticker, start=start_date, end=end_date, interval="1wk")
[*********************100%***********************]  1 of 1 completed
/app/prepare_data.py:43: FutureWarning: YF.download() has changed argument auto_adjust default to True
  df = yf.download(ticker, start=start_date, end=end_date, interval="1wk")
[*********************100%***********************]  1 of 1 completed
/app/prepare_data.py:43: FutureWarning: YF.download() has changed argument auto_adjust default to True
  df = yf.download(ticker, start=start_date, end=end_date, interval="1wk")
[*********************100%***********************]  1 of 1 completed
/app/prepare_data.py:43: FutureWarning: YF.download() has changed argument auto_adjust default to True
  df = yf.download(ticker, start=start_date, end=end_date, interval="1wk")
[*********************100%***********************]  1 of 1 completed
/app/prepare_data.py:43: FutureWarning: YF.download() has changed argument auto_adjust default to True
  df = yf.download(ticker, start=start_date, end=end_date, interval="1wk")
[*********************100%***********************]  1 of 1 completed
/app/prepare_data.py:43: FutureWarning: YF.download() has changed argument auto_adjust default to True
  df = yf.download(ticker, start=start_date, end=end_date, interval="1wk")
[*********************100%***********************]  1 of 1 completed
/app/prepare_data.py:43: FutureWarning: YF.download() has changed argument auto_adjust default to True
  df = yf.download(ticker, start=start_date, end=end_date, interval="1wk")
[*********************100%***********************]  1 of 1 completed
/app/prepare_data.py:43: FutureWarning: YF.download() has changed argument auto_adjust default to True
  df = yf.download(ticker, start=start_date, end=end_date, interval="1wk")
[*********************100%***********************]  1 of 1 completed
/app/prepare_data.py:43: FutureWarning: YF.download() has changed argument auto_adjust default to True
  df = yf.download(ticker, start=start_date, end=end_date, interval="1wk")
[*********************100%***********************]  1 of 1 completed
/app/prepare_data.py:43: FutureWarning: YF.download() has changed argument auto_adjust default to True
  df = yf.download(ticker, start=start_date, end=end_date, interval="1wk")
[*********************100%***********************]  1 of 1 completed
/app/prepare_data.py:43: FutureWarning: YF.download() has changed argument auto_adjust default to True
  df = yf.download(ticker, start=start_date, end=end_date, interval="1wk")
[*********************100%***********************]  1 of 1 completed
/app/prepare_data.py:43: FutureWarning: YF.download() has changed argument auto_adjust default to True
  df = yf.download(ticker, start=start_date, end=end_date, interval="1wk")
[*********************100%***********************]  1 of 1 completed
/app/prepare_data.py:43: FutureWarning: YF.download() has changed argument auto_adjust default to True
  df = yf.download(ticker, start=start_date, end=end_date, interval="1wk")
[*********************100%***********************]  1 of 1 completed
/app/prepare_data.py:43: FutureWarning: YF.download() has changed argument auto_adjust default to True
  df = yf.download(ticker, start=start_date, end=end_date, interval="1wk")
[*********************100%***********************]  1 of 1 completed
/app/prepare_data.py:43: FutureWarning: YF.download() has changed argument auto_adjust default to True
  df = yf.download(ticker, start=start_date, end=end_date, interval="1wk")
[*********************100%***********************]  1 of 1 completed
/app/prepare_data.py:43: FutureWarning: YF.download() has changed argument auto_adjust default to True
  df = yf.download(ticker, start=start_date, end=end_date, interval="1wk")
[*********************100%***********************]  1 of 1 completed
/app/prepare_data.py:43: FutureWarning: YF.download() has changed argument auto_adjust default to True
  df = yf.download(ticker, start=start_date, end=end_date, interval="1wk")
[*********************100%***********************]  1 of 1 completed
/app/prepare_data.py:43: FutureWarning: YF.download() has changed argument auto_adjust default to True
  df = yf.download(ticker, start=start_date, end=end_date, interval="1wk")
[*********************100%***********************]  1 of 1 completed
/app/prepare_data.py:43: FutureWarning: YF.download() has changed argument auto_adjust default to True
  df = yf.download(ticker, start=start_date, end=end_date, interval="1wk")
[*********************100%***********************]  1 of 1 completed
/app/prepare_data.py:43: FutureWarning: YF.download() has changed argument auto_adjust default to True
  df = yf.download(ticker, start=start_date, end=end_date, interval="1wk")
[*********************100%***********************]  1 of 1 completed
/app/prepare_data.py:43: FutureWarning: YF.download() has changed argument auto_adjust default to True
  df = yf.download(ticker, start=start_date, end=end_date, interval="1wk")
[*********************100%***********************]  1 of 1 completed
/app/prepare_data.py:43: FutureWarning: YF.download() has changed argument auto_adjust default to True
  df = yf.download(ticker, start=start_date, end=end_date, interval="1wk")
[*********************100%***********************]  1 of 1 completed
/app/prepare_data.py:43: FutureWarning: YF.download() has changed argument auto_adjust default to True
  df = yf.download(ticker, start=start_date, end=end_date, interval="1wk")
[*********************100%***********************]  1 of 1 completed
/app/prepare_data.py:43: FutureWarning: YF.download() has changed argument auto_adjust default to True
  df = yf.download(ticker, start=start_date, end=end_date, interval="1wk")
[*********************100%***********************]  1 of 1 completed
/app/prepare_data.py:43: FutureWarning: YF.download() has changed argument auto_adjust default to True
  df = yf.download(ticker, start=start_date, end=end_date, interval="1wk")
[*********************100%***********************]  1 of 1 completed
/app/prepare_data.py:43: FutureWarning: YF.download() has changed argument auto_adjust default to True
  df = yf.download(ticker, start=start_date, end=end_date, interval="1wk")
[*********************100%***********************]  1 of 1 completed
/app/prepare_data.py:43: FutureWarning: YF.download() has changed argument auto_adjust default to True
  df = yf.download(ticker, start=start_date, end=end_date, interval="1wk")
[*********************100%***********************]  1 of 1 completed
Found 50 tickers. Downloading data...
Downloading data for 1332.T...
Warning: Ticker 1332.T returned MultiIndex columns. Flattening.
Saved data to test_data/1332.T.csv
Downloading data for 1333.T...
Warning: Ticker 1333.T returned MultiIndex columns. Flattening.
Saved data to test_data/1333.T.csv
Downloading data for 1377.T...
Warning: Ticker 1377.T returned MultiIndex columns. Flattening.
Saved data to test_data/1377.T.csv
Downloading data for 1414.T...
Warning: Ticker 1414.T returned MultiIndex columns. Flattening.
Saved data to test_data/1414.T.csv
Downloading data for 1417.T...
Warning: Ticker 1417.T returned MultiIndex columns. Flattening.
Saved data to test_data/1417.T.csv
Downloading data for 1419.T...
Warning: Ticker 1419.T returned MultiIndex columns. Flattening.
Saved data to test_data/1419.T.csv
Downloading data for 1514.T...
Warning: Ticker 1514.T returned MultiIndex columns. Flattening.
Saved data to test_data/1514.T.csv
Downloading data for 1515.T...
Warning: Ticker 1515.T returned MultiIndex columns. Flattening.
Saved data to test_data/1515.T.csv
Downloading data for 1518.T...
Warning: Ticker 1518.T returned MultiIndex columns. Flattening.
Saved data to test_data/1518.T.csv
Downloading data for 1605.T...
Warning: Ticker 1605.T returned MultiIndex columns. Flattening.
Saved data to test_data/1605.T.csv
Downloading data for 1662.T...
Warning: Ticker 1662.T returned MultiIndex columns. Flattening.
Saved data to test_data/1662.T.csv
Downloading data for 1663.T...
Warning: Ticker 1663.T returned MultiIndex columns. Flattening.
Saved data to test_data/1663.T.csv
Downloading data for 167A.T...
Warning: Ticker 167A.T returned MultiIndex columns. Flattening.
Saved data to test_data/167A.T.csv
Downloading data for 1719.T...
Warning: Ticker 1719.T returned MultiIndex columns. Flattening.
Saved data to test_data/1719.T.csv
Downloading data for 1720.T...
Warning: Ticker 1720.T returned MultiIndex columns. Flattening.
Saved data to test_data/1720.T.csv
Downloading data for 1721.T...
Warning: Ticker 1721.T returned MultiIndex columns. Flattening.
Saved data to test_data/1721.T.csv
Downloading data for 1766.T...
Warning: Ticker 1766.T returned MultiIndex columns. Flattening.
Saved data to test_data/1766.T.csv
Downloading data for 1801.T...
Warning: Ticker 1801.T returned MultiIndex columns. Flattening.
Saved data to test_data/1801.T.csv
Downloading data for 1802.T...
Warning: Ticker 1802.T returned MultiIndex columns. Flattening.
Saved data to test_data/1802.T.csv
Downloading data for 1803.T...
Warning: Ticker 1803.T returned MultiIndex columns. Flattening.
Saved data to test_data/1803.T.csv
Downloading data for 1808.T...
Warning: Ticker 1808.T returned MultiIndex columns. Flattening.
Saved data to test_data/1808.T.csv
Downloading data for 1812.T...
Warning: Ticker 1812.T returned MultiIndex columns. Flattening.
Saved data to test_data/1812.T.csv
Downloading data for 1820.T...
Warning: Ticker 1820.T returned MultiIndex columns. Flattening.
Saved data to test_data/1820.T.csv
Downloading data for 1821.T...
Warning: Ticker 1821.T returned MultiIndex columns. Flattening.
Saved data to test_data/1821.T.csv
Downloading data for 1833.T...
Warning: Ticker 1833.T returned MultiIndex columns. Flattening.
Saved data to test_data/1833.T.csv
Downloading data for 1835.T...
Warning: Ticker 1835.T returned MultiIndex columns. Flattening.
Saved data to test_data/1835.T.csv
Downloading data for 1852.T...
Warning: Ticker 1852.T returned MultiIndex columns. Flattening.
Saved data to test_data/1852.T.csv
Downloading data for 1860.T...
Warning: Ticker 1860.T returned MultiIndex columns. Flattening.
Saved data to test_data/1860.T.csv
Downloading data for 1861.T...
Warning: Ticker 1861.T returned MultiIndex columns. Flattening.
Saved data to test_data/1861.T.csv
Downloading data for 1878.T...
Warning: Ticker 1878.T returned MultiIndex columns. Flattening.
Saved data to test_data/1878.T.csv
Downloading data for 1884.T...
Warning: Ticker 1884.T returned MultiIndex columns. Flattening.
Saved data to test_data/1884.T.csv
Downloading data for 1885.T...
Warning: Ticker 1885.T returned MultiIndex columns. Flattening.
Saved data to test_data/1885.T.csv
Downloading data for 1890.T...
Warning: Ticker 1890.T returned MultiIndex columns. Flattening.
Saved data to test_data/1890.T.csv
Downloading data for 1893.T...
Warning: Ticker 1893.T returned MultiIndex columns. Flattening.
Saved data to test_data/1893.T.csv
Downloading data for 1898.T...
Warning: Ticker 1898.T returned MultiIndex columns. Flattening.
Saved data to test_data/1898.T.csv
Downloading data for 1911.T...
Warning: Ticker 1911.T returned MultiIndex columns. Flattening.
Saved data to test_data/1911.T.csv
Downloading data for 1925.T...
Warning: Ticker 1925.T returned MultiIndex columns. Flattening.
Saved data to test_data/1925.T.csv
Downloading data for 1926.T...
Warning: Ticker 1926.T returned MultiIndex columns. Flattening.
Saved data to test_data/1926.T.csv
Downloading data for 1928.T...
Warning: Ticker 1928.T returned MultiIndex columns. Flattening.
Saved data to test_data/1928.T.csv
Downloading data for 1941.T...
Warning: Ticker 1941.T returned MultiIndex columns. Flattening.
Saved data to test_data/1941.T.csv
Downloading data for 1942.T...
Warning: Ticker 1942.T returned MultiIndex columns. Flattening.
Saved data to test_data/1942.T.csv
Downloading data for 1944.T...
Warning: Ticker 1944.T returned MultiIndex columns. Flattening.
Saved data to test_data/1944.T.csv
Downloading data for 1949.T...
Warning: Ticker 1949.T returned MultiIndex columns. Flattening.
Saved data to test_data/1949.T.csv
Downloading data for 1951.T...
Warning: Ticker 1951.T returned MultiIndex columns. Flattening.
Saved data to test_data/1951.T.csv
Downloading data for 1959.T...
Warning: Ticker 1959.T returned MultiIndex columns. Flattening.
Saved data to test_data/1959.T.csv
Downloading data for 1961.T...
Warning: Ticker 1961.T returned MultiIndex columns. Flattening.
Saved data to test_data/1961.T.csv
Downloading data for 1963.T...
Warning: Ticker 1963.T returned MultiIndex columns. Flattening.
Saved data to test_data/1963.T.csv
Downloading data for 1969.T...
Warning: Ticker 1969.T returned MultiIndex columns. Flattening.
Saved data to test_data/1969.T.csv
Downloading data for 1979.T...
Warning: Ticker 1979.T returned MultiIndex columns. Flattening.
Saved data to test_data/1979.T.csv
Downloading data for 1980.T...
Warning: Ticker 1980.T returned MultiIndex columns. Flattening.
Saved data to test_data/1980.T.csv
Data preparation complete.
Data preparation finished.
Starting Trend screening (isTrend.py)...
TICKER:1893.T
--
TICKER:1518.T
1518.T is ::: trend templete :::
1518.T is ::: fundamentaly OK :::
--
TICKER:1419.T
--
TICKER:1961.T
1961.T is ::: trend templete :::
1961.T is ::: fundamentaly OK :::
  Name   : 三機工業
  Sector : Engineering & Construction
  UDVR   : 1.66 => 2.44  O
--
TICKER:1719.T
1719.T is ::: trend templete :::
1719.T is ::: fundamentaly OK :::
  Name   : 安藤・間
  Sector : Engineering & Construction
  UDVR   : 1.69 => 2.3  O
--
TICKER:1414.T
--
TICKER:1833.T
--
TICKER:1980.T
1980.T is ::: trend templete :::
1980.T is ::: fundamentaly OK :::
  Name   : ダイダン
  Sector : Specialty Industrial Machinery
  UDVR   : 2.06 => 2.24  O
--
TICKER:1821.T
1821.T is ::: trend templete :::
--
TICKER:1928.T
--
TICKER:1835.T
1835.T is ::: trend templete :::
--
TICKER:1766.T
1766.T is ::: trend templete :::
1766.T is ::: fundamentaly OK :::
  Name   : 東建コーポレーション
  Sector : Real Estate Services
  UDVR   : 2.16 => 2.27  O
--
TICKER:1926.T
1926.T is ::: trend templete :::
1926.T is ::: fundamentaly OK :::
  Name   : ライト工業
  Sector : Engineering & Construction
  UDVR   : 1.07 => 1.25  O
--
TICKER:1944.T
1944.T is ::: trend templete :::
1944.T is ::: fundamentaly OK :::
  Name   : きんでん
  Sector : Engineering & Construction
  UDVR   : 1.19 => 1.38  O
--
TICKER:1885.T
1885.T is ::: trend templete :::
1885.T is ::: fundamentaly OK :::
  Name   : 東亜建設工業
  Sector : Engineering & Construction
  UDVR   : 1.53 => 1.68  O
--
TICKER:1515.T
1515.T is ::: trend templete :::
--
TICKER:1860.T
--
TICKER:1605.T
--
TICKER:1803.T
1803.T is ::: trend templete :::
1803.T is ::: fundamentaly OK :::
  Name   : 清水建設
  Sector : Engineering & Construction
  UDVR   : 2.12 => 3.01  O
--
TICKER:1861.T
1861.T is ::: trend templete :::
--
TICKER:1852.T
--
TICKER:1925.T
--
TICKER:1963.T
--
TICKER:1949.T
--
TICKER:1812.T
1812.T is ::: trend templete :::
1812.T is ::: fundamentaly OK :::
  Name   : 鹿島建設
  Sector : Engineering & Construction
  UDVR   : 1.36 => 1.42  O
--
TICKER:1890.T
1890.T is ::: trend templete :::
1890.T is ::: fundamentaly OK :::
--
TICKER:1808.T
1808.T is ::: trend templete :::
--
TICKER:1979.T
--
TICKER:1878.T
--
TICKER:1941.T
1941.T is ::: trend templete :::
1941.T is ::: fundamentaly OK :::
  Name   : 中電工
  Sector : Engineering & Construction
  UDVR   : 1.15 => 1.24  O
--
TICKER:1720.T
--
TICKER:1951.T
1951.T is ::: trend templete :::
--
TICKER:1942.T
1942.T is ::: trend templete :::
1942.T is ::: fundamentaly OK :::
--
TICKER:1801.T
1801.T is ::: trend templete :::
1801.T is ::: fundamentaly OK :::
  Name   : 大成建設
  Sector : Engineering & Construction
  UDVR   : 1.49 => 2.0  O
--
TICKER:1959.T
--
TICKER:1332.T
--
TICKER:1898.T
--
TICKER:1911.T
--
TICKER:1514.T
--
TICKER:1721.T
--
TICKER:1820.T
--
TICKER:1802.T
1802.T is ::: trend templete :::
--
TICKER:1969.T
1969.T is ::: trend templete :::
1969.T is ::: fundamentaly OK :::
--
TICKER:1377.T
--
TICKER:167A.T
--
TICKER:1662.T
--
TICKER:1663.T
--
TICKER:1417.T
1417.T is ::: trend templete :::
1417.T is ::: fundamentaly OK :::
  Name   : ミライト・ワン
  Sector : Engineering & Construction
  UDVR   : 1.22 => 1.43  O
--
TICKER:1884.T
1884.T is ::: trend templete :::
--
TICKER:1333.T
--
--- Test End: Sat Sep 13 02:06:43 UTC 2025 ---
Test finished. Check '_files/charts' for output images.
